// Jest Snapshot v1, https://goo.gl/fbAQLP

exports[`Button  1`] = `
<View
  accessible={true}
  focusable={true}
  onClick={[Function]}
  onResponderGrant={[Function]}
  onResponderMove={[Function]}
  onResponderRelease={[Function]}
  onResponderTerminate={[Function]}
  onResponderTerminationRequest={[Function]}
  onStartShouldSetResponder={[Function]}
  style={
    Object {
      "alignItems": "center",
      "backgroundColor": "#2F74DC",
      "borderRadius": 13.5,
      "height": 80,
      "justifyContent": "center",
      "opacity": 1,
      "width": "100%",
    }
  }
>
  <Text
    style={
      Array [
        Object {
          "color": "white",
          "fontSize": 26.5,
          "fontWeight": "600",
        },
        Object {},
      ]
    }
  >
    FormButton
  </Text>
</View>
`;
