// Jest Snapshot v1, https://goo.gl/fbAQLP

exports[`renders when there is no username entered 1`] = `
<View
  style={
    Object {
      "alignItems": "center",
      "backgroundColor": "white",
      "flex": 1,
      "justifyContent": "center",
    }
  }
>
  <Text
    style={
      Object {
        "alignSelf": "center",
        "color": "#2F74DC",
        "fontSize": 66.5,
        "fontWeight": "700",
        "position": "absolute",
        "textAlign": "center",
        "top": 106.5,
      }
    }
  >
    Welcome
  </Text>
  <View
    style={
      Object {
        "alignItems": "center",
        "justifyContent": "center",
        "marginBottom": 26.5,
        "width": "100%",
      }
    }
  >
    <Text
      style={
        Object {
          "color": "#2F74DC",
          "fontSize": 26.5,
          "fontWeight": "700",
          "marginBottom": 13.5,
        }
      }
      text=""
    >
      Is App Running on Simulator?
    </Text>
    <Text
      style={
        Array [
          Object {
            "color": "#2F74DC",
            "fontSize": 26.5,
            "fontWeight": "700",
            "marginBottom": 13.5,
          },
          Object {
            "color": "green",
          },
        ]
      }
      text=""
    >
      False
    </Text>
  </View>
  <View
    style={
      Object {
        "paddingHorizontal": 75,
        "width": "100%",
      }
    }
  >
    <View
      style={
        Array [
          Object {
            "marginBottom": "5%",
            "width": "100%",
          },
          Object {
            "backgroundColor": "white",
            "borderRadius": 13.5,
            "height": 80,
            "marginBottom": 26.5,
            "width": "100%",
          },
        ]
      }
    >
      <TextInput
        allowFontScaling={true}
        autoCapitalize="none"
        onChangeText={[Function]}
        placeholder="Enter User Name"
        rejectResponderTermination={true}
        style={
          Array [
            Object {
              "backgroundColor": "white",
              "borderColor": "#c8c8c8",
              "borderRadius": 13.5,
              "borderWidth": 1,
              "height": 80,
              "paddingHorizontal": 13.5,
              "width": "100%",
            },
            Object {},
          ]
        }
        underlineColorAndroid="transparent"
        value=""
      />
    </View>
    <View
      accessible={true}
      focusable={true}
      onClick={[Function]}
      onResponderGrant={[Function]}
      onResponderMove={[Function]}
      onResponderRelease={[Function]}
      onResponderTerminate={[Function]}
      onResponderTerminationRequest={[Function]}
      onStartShouldSetResponder={[Function]}
      style={
        Object {
          "alignItems": "center",
          "backgroundColor": "#2F74DC",
          "borderRadius": 13.5,
          "height": 80,
          "justifyContent": "center",
          "opacity": 1,
          "width": "100%",
        }
      }
    >
      <Text
        style={
          Array [
            Object {
              "color": "white",
              "fontSize": 26.5,
              "fontWeight": "600",
            },
            Object {},
          ]
        }
      >
        Enter
      </Text>
    </View>
  </View>
</View>
`;
